starting from 0 known products
  1/84 vitamin d3 k2 -> 26 cards, +24 new (total 24, pace 7000ms)
  2/84 vitamin d3 k2 p2 -> 26 cards, +25 new (total 49, pace 7000ms)
  3/84 multivitamin -> 26 cards, +26 new (total 75, pace 7000ms)
  4/84 multivitamin p2 -> 26 cards, +25 new (total 100, pace 5250ms)
  5/84 vitamin b complex -> 26 cards, +26 new (total 126, pace 5250ms)
  6/84 vitamin b complex p2 -> 26 cards, +26 new (total 152, pace 5250ms)
  7/84 vitamin c 1000 mg -> 26 cards, +25 new (total 177, pace 5250ms)
  8/84 vitamin c 1000 mg p2 -> 26 cards, +25 new (total 202, pace 4500ms)
  9/84 magnesium glycinate -> 26 cards, +25 new (total 227, pace 4500ms)
 10/84 magnesium glycinate p2 -> 26 cards, +25 new (total 252, pace 4500ms)
 11/84 zinc picolinate -> 26 cards, +25 new (total 277, pace 4500ms)
 12/84 zinc picolinate p2 -> 26 cards, +26 new (total 303, pace 8100ms)
 13/84 iron bisglycinate -> 26 cards, +26 new (total 329, pace 8100ms)
 14/84 iron bisglycinate p2 -> 26 cards, +26 new (total 355, pace 8100ms)
 15/84 calcium magnesium -> 26 cards, +26 new (total 381, pace 6075ms)
    ! https://th.iherb.com/search?kw=calcium%20magnesium&p=2 — page.goto: net::ERR_NAME_NOT_RESOLVED at https://th.iherb.com/search?kw=calcium%20magnesium&p=2
 16/84 calcium magnesium p2 -> 0 cards, +0 new (total 381, pace 19683ms)
 17/84 fish oil omega 3 -> 26 cards, +24 new (total 405, pace 19683ms)
 18/84 fish oil omega 3 p2 -> 26 cards, +24 new (total 429, pace 19683ms)
 19/84 krill oil -> 26 cards, +26 new (total 455, pace 19683ms)
 20/84 krill oil p2 -> 26 cards, +24 new (total 479, pace 14762ms)
 21/84 algae omega dha -> 26 cards, +26 new (total 505, pace 14762ms)
 22/84 algae omega dha p2 -> 26 cards, +24 new (total 529, pace 14762ms)
 23/84 probiotics cfu -> 26 cards, +26 new (total 555, pace 14762ms)
 24/84 probiotics cfu p2 -> 26 cards, +26 new (total 581, pace 11072ms)
 25/84 digestive enzymes -> 26 cards, +25 new (total 606, pace 11072ms)
 26/84 digestive enzymes p2 -> 26 cards, +24 new (total 630, pace 11072ms)
 27/84 psyllium fiber -> 26 cards, +25 new (total 655, pace 11072ms)
 28/84 psyllium fiber p2 -> 26 cards, +25 new (total 680, pace 8304ms)
 29/84 melatonin sleep -> 26 cards, +25 new (total 705, pace 8304ms)
 30/84 melatonin sleep p2 -> 26 cards, +25 new (total 730, pace 8304ms)
 31/84 ashwagandha stress -> 26 cards, +25 new (total 755, pace 8304ms)
 32/84 ashwagandha stress p2 -> 26 cards, +26 new (total 781, pace 6228ms)
 33/84 l-theanine magnesium sleep -> 26 cards, +23 new (total 804, pace 6228ms)
 34/84 l-theanine magnesium sleep p2 -> 26 cards, +26 new (total 830, pace 6228ms)
 35/84 immune support vitamin c -> 26 cards, +26 new (total 856, pace 6228ms)
 36/84 immune support vitamin c p2 -> 26 cards, +20 new (total 876, pace 4671ms)
 37/84 elderberry zinc -> 26 cards, +24 new (total 900, pace 4671ms)
 38/84 elderberry zinc p2 -> 26 cards, +25 new (total 925, pace 4671ms)
 39/84 quercetin bromelain -> 26 cards, +26 new (total 951, pace 4671ms)
 40/84 quercetin bromelain p2 -> 26 cards, +26 new (total 977, pace 4500ms)
 41/84 turmeric curcumin -> 26 cards, +25 new (total 1002, pace 4500ms)
 42/84 turmeric curcumin p2 -> 26 cards, +23 new (total 1025, pace 4500ms)
 43/84 milk thistle -> 26 cards, +25 new (total 1050, pace 4500ms)
 44/84 milk thistle p2 -> 26 cards, +25 new (total 1075, pace 4500ms)
 45/84 ginkgo biloba -> 26 cards, +24 new (total 1099, pace 4500ms)
 46/84 ginkgo biloba p2 -> 26 cards, +25 new (total 1124, pace 4500ms)
 47/84 berberine -> 26 cards, +24 new (total 1148, pace 4500ms)
 48/84 berberine p2 -> 26 cards, +24 new (total 1172, pace 4500ms)
 49/84 whey protein powder -> 26 cards, +26 new (total 1198, pace 4500ms)
 50/84 whey protein powder p2 -> 26 cards, +25 new (total 1223, pace 4500ms)
 51/84 creatine monohydrate -> 26 cards, +26 new (total 1249, pace 4500ms)
 52/84 creatine monohydrate p2 -> 26 cards, +26 new (total 1275, pace 4500ms)
 53/84 electrolyte powder -> 26 cards, +25 new (total 1300, pace 4500ms)
 54/84 electrolyte powder p2 -> 26 cards, +26 new (total 1326, pace 4500ms)
 55/84 bcaa amino -> 26 cards, +25 new (total 1351, pace 4500ms)
 56/84 bcaa amino p2 -> 26 cards, +26 new (total 1377, pace 4500ms)
 57/84 collagen peptides -> 26 cards, +25 new (total 1402, pace 4500ms)
 58/84 collagen peptides p2 -> 26 cards, +24 new (total 1426, pace 4500ms)
 59/84 biotin hair skin nails -> 26 cards, +26 new (total 1452, pace 4500ms)
 60/84 biotin hair skin nails p2 -> 26 cards, +26 new (total 1478, pace 4500ms)
 61/84 hyaluronic acid -> 26 cards, +23 new (total 1501, pace 4500ms)
 62/84 hyaluronic acid p2 -> 26 cards, +26 new (total 1527, pace 4500ms)
 63/84 kids multivitamin gummies -> 26 cards, +19 new (total 1546, pace 4500ms)
 64/84 kids multivitamin gummies p2 -> 26 cards, +20 new (total 1566, pace 4500ms)
 65/84 kids probiotic -> 26 cards, +25 new (total 1591, pace 4500ms)
 66/84 kids probiotic p2 -> 26 cards, +24 new (total 1615, pace 4500ms)
 67/84 prenatal vitamin -> 26 cards, +22 new (total 1637, pace 4500ms)
 68/84 prenatal vitamin p2 -> 26 cards, +26 new (total 1663, pace 4500ms)
 69/84 California Gold Nutrition -> 26 cards, +9 new (total 1672, pace 4500ms)
 70/84 NOW Foods -> 26 cards, +14 new (total 1686, pace 4500ms)
 71/84 Doctor's Best -> 26 cards, +21 new (total 1707, pace 4500ms)
 72/84 Sports Research -> 26 cards, +18 new (total 1725, pace 4500ms)
 73/84 Life Extension -> 26 cards, +18 new (total 1743, pace 4500ms)
 74/84 Solgar -> 26 cards, +18 new (total 1761, pace 4500ms)
 75/84 Nature's Way -> 26 cards, +22 new (total 1783, pace 4500ms)
 76/84 Thorne -> 26 cards, +14 new (total 1797, pace 4500ms)
 77/84 Jarrow Formulas -> 26 cards, +24 new (total 1821, pace 4500ms)
 78/84 Garden of Life -> 26 cards, +22 new (total 1843, pace 4500ms)
 79/84 MegaFood -> 26 cards, +22 new (total 1865, pace 4500ms)
 80/84 NaturesPlus -> 26 cards, +24 new (total 1889, pace 4500ms)
 81/84 Swanson -> 26 cards, +22 new (total 1911, pace 4500ms)
 82/84 21st Century -> 26 cards, +18 new (total 1929, pace 4500ms)
 83/84 Vital Proteins -> 19 cards, +16 new (total 1945, pace 4500ms)
 84/84 Nordic Naturals -> 26 cards, +24 new (total 1969, pace 4500ms)

1969 unique products -> {
  vitamins: 202,
  minerals: 179,
  omega: 148,
  gut: 151,
  sleep: 150,
  immunity: 147,
  herbs: 195,
  sports: 205,
  beauty: 150,
  kids: 136,
  unbucketed: 306
}
