1969 discovered, 400 to fetch
  3/400 california-gold-nutrition-collagenup-hydrolyzed-mari ฿1332.23 4.7(325360) 4img 3blk 11facts 5500ms
  3/400 nature-s-craft-kids-multivitamin-gummies-strawberry- ฿? 4.8(1557) 4img 4blk 22facts 5500ms
  3/400 california-gold-nutrition-l-theanine-featuring-alpha ฿343.69 4.7(17226) 4img 3blk 6facts 5500ms
  4/400 california-gold-nutrition-vitamin-d3-k2-60-veggie-ca ฿186.20 4.8(6674) 4img 3blk 7facts 4125ms
  6/400 solaray-high-absorption-magnesium-glycinate-120-vegc ฿547.93 4.8(61906) 4img 4blk 8facts 4125ms
  6/400 california-gold-nutrition-omega-800-30-fish-gelatin- ฿354.42 4.8(137020) 4img 3blk 12facts 4125ms
  7/400 dr-mercola-complete-probiotics-70-billion-cfu-90-cap ฿3186.65 4.5(2157) 2img 4blk 6facts 4125ms
  9/400 megafood-daily-immune-support-60-tablets             ฿864.06 4.8(129) 2img 0blk 10facts 3500ms
  9/400 the-friendly-patch-snoozzze-melatonin-sleep-patch-28 ฿1181.17 4.2(622) 3img 4blk no facts 3500ms
 10/400 nature-s-truth-turmeric-curcumin-complex-plus-black- ฿669.98 4.8(2240) 2img 4blk 7facts 3500ms
 13/400 california-gold-nutrition-sport-whey-protein-isolate ฿1708.86 4.5(7153) 4img 3blk 20facts 3500ms
 13/400 vital-proteins-collagen-peptides-unflavored-10-oz-28 ฿1112.40 4.7(23515) 4img 4blk 10facts 3500ms
 13/400 gummiking-multi-vitamin-mineral-gummies-for-kids-str ฿339.91 4.7(34880) 4img 4blk 20facts 3500ms
 16/400 micro-ingredients-vitamin-d3-k2-300-softgels         ฿984.31 4.9(2155) 2img 4blk 6facts 3500ms
 16/400 california-gold-nutrition-vitamin-d3-50-mcg-2-000-iu ฿173.28 4.9(148609) 4img 3blk 5facts 3500ms
 16/400 qunol-magnesium-glycinate-gummies-mixed-berry-90-gum ฿1279.12 4.6(21) 4img 4blk 11facts 3500ms
 19/400 qunol-ultra-omega-3-fish-oil-lemon-180-mini-softgels ฿1233.12 4.9(157) 4img 4blk 12facts 3500ms
 19/400 codeage-raw-probiotic-100-billion-cfu-30-vegetable-c ฿1366.75 4.7(234) 4img 4blk 8facts 3500ms
 19/400 the-friendly-patch-snoozzze-melatonin-sleep-patch-8- ฿590.58 4.2(622) 4img 3blk no facts 3500ms
 21/400 havasu-nutrition-vitamin-c-gummies-daily-immune-oran ฿301.85 4.8(5680) 2img 4blk 11facts 3500ms
 22/400 levels-grass-fed-whey-protein-powder-vanilla-bean-2- ฿2551.12 4.8(217) 2img 0blk 40facts 3500ms
 22/400 bioschwartz-premium-ultra-pure-turmeric-curcumin-wit ฿1239.57 4.8(11154) 4img 4blk 8facts 3500ms
 24/400 bioschwartz-collagen-peptides-bio-unflavored-16-oz-4 ฿? 4.7(1161) 2img 4blk 9facts 3500ms
 25/400 phytoral-kids-multivitamin-gummies-strawberry-raspbe ฿723.82 4.8(226) 2img 4blk 22facts 3500ms
 25/400 california-gold-nutrition-astaxanthin-astalif-pure-i ฿426.53 4.7(46710) 4img 3blk 6facts 3500ms
 27/400 nature-s-answer-liquid-magnesium-malate-and-glycinat ฿618.94 4.9(12631) 2img 4blk 10facts 3500ms
 28/400 nature-s-craft-organic-vitamin-d3-k2-drops-alcohol-f ฿782.19 4.7(489) 4img 4blk 7facts 3500ms
 28/400 micro-ingredients-omega-3-fish-oil-triple-strength-l ฿823.67 4.8(2189) 2img 4blk 12facts 3500ms
 29/400 pink-stork-lactation-probiotic-30-billion-cfus-30-ca ฿1144.42 4.8(10) 2img 4blk 6facts 3500ms
 31/400 airborne-immune-support-citrus-64-chewable-tablets   ฿645.05 4.8(402) 3img 4blk 18facts 3500ms
 31/400 21st-century-zoo-friends-sleep-children-s-chewable-m ฿217.20 4.8(711) 4img 4blk 6facts 3500ms
 33/400 vitauthority-active-vita-whey-protein-powder-vanilla ฿2080.93 4.8(13) 2img 0blk 20facts 3500ms
 34/400 micro-ingredients-multi-collagen-peptides-unflavored ฿1780.01 4.8(1826) 2img 4blk 12facts 3500ms
 34/400 force-factor-turmeric-curcumin-with-bioperine-90-veg ฿685.73 4.8(1341) 4img 4blk 8facts 3500ms
 35/400 nature-s-way-alive-kids-gummy-multivitamin-cherry-or ฿? 4.7(38925) 4img 4blk 27facts 3500ms
 37/400 california-gold-nutrition-folinic-acid-alcohol-free- ฿416.28 4.8(4243) 4img 3blk 5facts 3500ms
 37/400 california-gold-nutrition-vitamin-d3-125-mcg-5-000-i ฿188.66 4.8(322781) 4img 3blk 5facts 3500ms
 38/400 california-gold-nutrition-magnesium-bisglycinate-che ฿971.32 4.8(27313) 4img 3blk 5facts 3500ms
 41/400 probulin-women-s-health-probiotic-20-billion-cfu-60- ฿2067.04 4.7(252) 2img 4blk 23facts 3500ms
 41/400 now-foods-ultra-omega-3-fish-oil-180-softgels        ฿1267.87 4.8(135787) 4img 4blk 10facts 3500ms
 41/400 swanson-vitamins-melatonin-free-sleep-aid-120-capsul ฿589.93 4.5(877) 3img 4blk 8facts 3500ms
 44/400 airborne-immune-support-citrus-96-chewable-tablets   ฿843.88 4.8(402) 3img 4blk 18facts 3500ms
 44/400 bioschwartz-ultra-premium-turmeric-curcumin-with-bio ฿702.79 4.8(11154) 4img 4blk 8facts 3500ms
 44/400 california-gold-nutrition-sport-whey-protein-isolate ฿3588.61 4.6(14776) 4img 4blk 20facts 3500ms
 47/400 sports-research-collagen-peptides-unflavored-16-oz-4 ฿1478.56 4.8(37405) 4img 4blk 9facts 3500ms
 47/400 the-smurfs-kids-gummy-multi-vitamin-ages-3-smurf-ber ฿? 4.7(13944) 2img 4blk 25facts 3500ms
 49/400 california-gold-nutrition-magnesium-glycinate-180-ve ฿862.91 4.8(2871) 4img 3blk 5facts 3500ms
 49/400 now-foods-mega-d3-mk-7-60-capsules                   ฿619.46 4.9(31264) 4img 4blk 6facts 3500ms
 51/400 probulin-colon-support-probiotic-20-billion-cfu-30-c ฿1131.95 4.7(599) 2img 4blk 23facts 3500ms
 51/400 sports-research-omega-3-fish-oil-180-softgels        ฿2308.37 4.8(47558) 4img 4blk 11facts 3500ms
 53/400 vitamatic-melatonin-gummies-natural-strawberry-30-mg ฿526.33 4.7(299) 2img 4blk 11facts 3500ms
 53/400 esterc-24-hour-immune-support-90-vegetarian-coated-t ฿460.00 4.9(353) 3img 4blk 8facts 3500ms
 55/400 california-gold-nutrition-turmeric-curcumin-phytosom ฿844.04 4.8(1112) 4img 3blk 6facts 3500ms
 55/400 bob-s-red-mill-whey-protein-powder-12-oz-340-g       ฿767.77 4.6(1355) 2img 4blk 20facts 3500ms
 57/400 lifeable-kids-multivitamin-with-iron-gummies-raspber ฿622.08 4.8(75) 2img 4blk 22facts 3500ms
 57/400 california-gold-nutrition-hydrolyzed-collagen-peptid ฿311.35 4.7(17691) 4img 3blk 9facts 3500ms
 59/400 california-gold-nutrition-vitamin-d3-50-mcg-2-000-iu ฿431.66 4.9(148608) 4img 3blk 5facts 3500ms
 59/400 forest-leaf-vitamin-k2-d3-60-vegetable-capsules      ฿685.73 4.7(189) 4img 4blk 7facts 3500ms
 61/400 force-factor-magnesium-glycinate-180-vegetable-capsu ฿771.04 4.8(1730) 4img 4blk 5facts 3500ms
 61/400 mav-nutrition-omega-3-fish-oil-natural-lemon-120-sof ฿1110.43 4.7(2119) 4img 4blk 12facts 3500ms
 63/400 probulin-total-care-probiotic-20-billion-cfu-30-caps ฿1181.17 4.8(757) 2img 4blk 7facts 3500ms
 63/400 vitamatic-liquid-melatonin-natural-berry-2-fl-oz-59- ฿393.72 4.6(169) 2img 4blk 6facts 3500ms
 65/400 nature-s-truth-c-zinc-immune-support-gummies-natural ฿595.00 4.7(254) 2img 0blk 11facts 3500ms
 65/400 nutri-organic-turmeric-curcumin-90-organic-capsules  ฿1232.63 4.6(79) 2img 4blk 9facts 3500ms
 67/400 sunwarrior-classic-plus-protein-vanilla-1-65-lb-750- ฿1615.93 4.5(1732) 2img 4blk 20facts 3500ms
 67/400 forest-leaf-collagen-peptides-unflavored-16-oz-454-g ฿1132.09 4.7(440) 2img 4blk 9facts 3500ms
 69/400 california-gold-nutrition-nmn-175-mg-60-veggie-capsu ฿538.29 4.6(31810) 4img 3blk 6facts 3500ms
 69/400 the-smurfs-kids-gummy-multi-vitamin-ages-3-smurf-ber ฿651.79 4.7(13944) 2img 4blk 25facts 3500ms
 69/400 california-gold-nutrition-astaxanthin-astalif-pure-i ฿1592.66 4.7(46711) 4img 3blk 6facts 3500ms
 71/400 dr-murray-s-vitamin-d3-k2-60-vegan-capsules          ฿344.51 4.6(11) 2img 4blk 8facts 3500ms
 71/400 naturelo-magnesium-glycinate-chelate-complex-120-veg ฿982.34 4.8(10360) 2img 4blk 7facts 3500ms
 72/400 21st-century-fish-oil-1-200-mg-90-enteric-coated-sof ฿360.91 4.8(181) 4img 4blk 10facts 3500ms
 74/400 ancient-nutrition-women-s-50-once-daily-probiotics-2 ฿1179.85 4.7(43) 3img 4blk 8facts 3500ms
 75/400 quantum-health-sleep-melatonin-30-capsules           ฿629.96 4.6(14) 2img 4blk 7facts 3500ms
 75/400 divine-health-dr-colbert-m-d-immune-support-90-capsu ฿885.87 4.8(17) 2img 4blk 10facts 3500ms
 77/400 zint-pure-grass-fed-collagen-peptides-unflavored-32- ฿2022.44 4.7(20744) 2img 4blk 9facts 3500ms
 78/400 qunol-turmeric-curcumin-complex-ginger-rich-tangerin ฿1078.63 4.6(45) 4img 4blk 12facts 3500ms
 78/400 sunwarrior-sport-organic-active-protein-powder-vanil ฿1653.52 4.5(339) 2img 4blk 26facts 3500ms
 79/400 maryruth-s-organic-kids-multivitamin-gummies-mixed-b ฿642.70 4.9(297) 2img 4blk 21facts 3500ms
 81/400 now-foods-mega-d3-mk-7-120-capsules                  ฿1055.83 4.9(31265) 4img 4blk 6facts 3500ms
 81/400 now-foods-solutions-xyliwhite-toothpaste-gel-refresh ฿192.27 4.5(104611) 4img 2blk no facts 3500ms
 82/400 california-gold-nutrition-magnesium-bisglycinate-che ฿315.11 4.8(27313) 4img 3blk 5facts 3500ms
 84/400 metagenics-ultraflora-biomepro-probiotics-105-billio ฿2629.94 4.6(79) 2img 4blk 6facts 3500ms
 84/400 california-gold-nutrition-omega-3-fish-oil-vivomega- ฿1750.56 4.8(11638) 4img 3blk 11facts 3500ms
 85/400 nutrabio-sleep-melatonin-free-90-capsules            ฿1558.48 4.3(10) 2img 4blk 11facts 3500ms
 86/400 emergen-c-immune-support-gummies-strawberry-lemon-bl ฿? 4.8(25) 3img 4blk 16facts 3500ms
 88/400 legion-athletics-whey-whey-protein-powder-dutch-choc ฿2579.18 4.7(56) 2img 4blk 21facts 3500ms
 88/400 doctor-s-best-high-absorption-curcumin-120-veggie-ca ฿1349.15 4.8(15836) 4img 4blk 7facts 3500ms
 89/400 california-gold-nutrition-hydrolyzed-marine-collagen ฿609.04 4.7(25292) 4img 3blk 9facts 3500ms
 91/400 lifeable-kids-vitamin-b6-gummies-strawberry-50-mg-60 ฿492.15 4.8(51) 2img 4blk 10facts 3500ms
 91/400 now-foods-inositol-500-mg-100-veg-capsules           ฿343.85 4.8(47630) 4img 4blk 5facts 3500ms
 92/400 california-gold-nutrition-vitamin-d3-k2-240-veggie-c ฿447.04 4.8(6675) 4img 3blk 7facts 3500ms
 94/400 life-extension-magnesium-caps-500-mg-100-vegetarian- ฿322.98 4.8(62289) 2img 4blk 4facts 3500ms
 94/400 california-gold-nutrition-omega-800-90-fish-gelatin- ฿918.00 4.8(137021) 4img 3blk 12facts 3500ms
 96/400 esterc-24-hour-immune-support-1-000-mg-90-vegetarian ฿661.38 4.9(291) 3img 4blk 7facts 3500ms
 97/400 sports-research-daily-probiotics-60-billion-cfu-30-d ฿1065.02 4.7(3193) 4img 4blk 7facts 3500ms
 97/400 mav-nutrition-melatonin-gummies-healthy-sleep-suppor ฿526.75 4.5(2) 4img 4blk 12facts 3500ms
 98/400 legion-athletics-whey-whey-protein-powder-cookies-cr ฿2605.13 4.6(24) 2img 0blk 21facts 3500ms
 99/400 now-foods-turmeric-curcumin-60-veg-capsules-665-mg-p ฿803.19 4.8(14974) 4img 4blk 5facts 3500ms
100/400 naturesplus-collagen-peptides-120-capsules           ฿660.14 4.7(5221) 4img 4blk 10facts 3500ms
101/400 gummiking-multi-vitamin-mineral-for-kids-grape-lemon ฿335.98 4.8(5891) 4img 4blk 22facts 3500ms
103/400 now-foods-pumpkin-seed-oil-100-softgels-1-000-mg-per ฿458.69 4.7(19041) 4img 4blk 11facts 3500ms
103/400 nutricost-vitamin-k2-vitamin-d3-120-softgels         ฿492.15 4.8(5155) 3img 4blk 7facts 3500ms
104/400 kal-high-absorption-magnesium-glycinate-350-160-vegc ฿597.15 4.8(28764) 4img 4blk 8facts 3500ms
106/400 solgar-omega-3-fish-oil-concentrate-120-softgels     ฿584.18 4.8(25264) 2img 4blk 11facts 3500ms
106/400 probulin-daily-care-probiotic-10-billion-cfu-30-caps ฿738.23 4.7(272) 2img 4blk 22facts 3500ms
107/400 patchaid-melatonin-free-sleep-aid-patch-for-kids-and ฿654.89 4.3(98) 4img 4blk no facts 3500ms
109/400 esterc-24-hour-immune-support-1-000-mg-60-vegetarian ฿? 4.9(291) 3img 4blk 7facts 3500ms
110/400 sports-research-turmeric-curcumin-120-softgels       ฿1430.72 4.7(4626) 4img 4blk 9facts 3500ms
110/400 legion-athletics-whey-whey-protein-powder-french-van ฿2597.37 4.5(36) 2img 0blk 21facts 3500ms
113/400 now-foods-zinc-50-mg-100-tablets                     ฿206.05 4.7(81203) 4img 4blk 4facts 3500ms
113/400 naturesplus-collagen-peptides-1-3-lbs-588-g          ฿1735.59 4.8(4793) 4img 4blk 10facts 3500ms
113/400 nature-s-craft-kids-multivitamin-gummies-strawberry- ฿1263.63 4.8(1557) 4img 4blk 22facts 3500ms
115/400 bioemblem-omega-3-fish-oil-120-soft-gels             ฿984.31 4.8(20) 2img 4blk 12facts 3500ms
116/400 futurebiotics-vitamin-k2-d3-extra-strength-120-capsu ฿557.77 4.8(13619) 2img 4blk 7facts 3500ms
116/400 now-foods-magnesium-glycinate-with-bioperine-60-veg- ฿343.85 4.8(6398) 4img 4blk 7facts 3500ms
119/400 probulin-daily-care-probiotic-10-billion-cfu-60-caps ฿1353.09 4.7(272) 2img 4blk 22facts 3500ms
119/400 emergen-c-kidz-daily-immune-support-gummies-berry-ba ฿? 4.8(41) 3img 4blk 16facts 3500ms
119/400 force-factor-melatonin-5-mg-60-vegetable-capsules    ฿192.27 4.7(2153) 4img 4blk 6facts 3500ms
121/400 legion-athletics-whey-whey-protein-powder-chocolate- ฿2608.00 4.6(39) 2img 4blk 21facts 3500ms
122/400 california-gold-nutrition-turmeric-curcumin-500-mg-1 ฿? 4.8(739) 4img 3blk 6facts 3500ms
122/400 now-foods-collagen-peptides-powder-8-oz-227-g        ฿594.30 4.7(3622) 4img 4blk 8facts 3500ms
125/400 nature-s-craft-teen-multivitamin-gummies-sugar-free- ฿568.93 4.7(127) 2img 4blk 22facts 3500ms
125/400 nature-s-craft-kids-vitamin-d3-k2-organic-drops-60-m ฿639.80 4.9(449) 4img 4blk 7facts 3500ms
125/400 now-foods-vitamin-d-3-high-potency-125-mcg-5-000-iu- ฿255.26 4.9(275792) 4img 4blk 4facts 3500ms
126/400 force-factor-ultimate-magnesium-glycinate-drink-mix- ฿854.09 4.7(183) 2img 4blk 5facts 3500ms
128/400 naturelo-probiotic-50-billion-cfu-60-delayed-release ฿1454.80 4.7(828) 2img 4blk 6facts 3500ms
128/400 doctor-s-best-purified-clear-omega-3-fish-oil-120-ma ฿979.06 4.8(4639) 4img 4blk 8facts 3500ms
129/400 force-factor-somnapure-drug-free-sleep-aid-60-tablet ฿524.96 4.6(1076) 4img 4blk 14facts 3500ms
131/400 emergen-c-kidz-daily-immune-support-gummies-fruit-fi ฿722.43 4.9(76) 3img 4blk 16facts 3500ms
131/400 force-factor-better-turmeric-curcumin-superfoods-fru ฿700.25 4.7(213) 4img 4blk 17facts 3500ms
132/400 micro-ingredients-pea-protein-powder-unflavored-5-lb ฿1824.78 4.5(279) 2img 4blk 20facts 3500ms
134/400 zint-pure-grass-fed-collagen-peptides-unflavored-32- ฿2124.14 4.7(2850) 2img 4blk 9facts 3500ms
134/400 lifeable-kids-vitamin-b12-gummies-sugar-free-strawbe ฿561.05 4.9(175) 2img 4blk 9facts 3500ms
135/400 now-foods-methyl-b-12-1-000-mcg-100-lozenges         ฿297.92 4.8(27476) 4img 4blk 4facts 3500ms
137/400 force-factor-vitamin-d3-k2-120-vegetable-capsules    ฿308.42 4.8(3652) 4img 4blk 6facts 3500ms
138/400 nature-s-craft-magnesium-glycinate-240-capsules-100- ฿1106.29 4.7(930) 4img 4blk 5facts 3500ms
138/400 swanson-vitamins-omega-3-fish-oil-lemon-150-softgels ฿644.91 4.8(598) 3img 4blk 10facts 3500ms
139/400 codeage-sbo-probiotic-50-billion-cfu-90-vegetable-ca ฿1259.25 4.8(412) 4img 0blk 7facts 3500ms
141/400 lifeseasons-rest-zzz-melatonin-free-sleep-support-60 ฿864.88 4.4(75) 2img 4blk 12facts 3500ms
141/400 new-chapter-immune-defense-vitamin-c-citrus-60-gummi ฿? 4.8(31) 4img 4blk 13facts 3500ms
144/400 qunol-turmeric-curcumin-complex-120-vegetarian-capsu ฿1410.84 4.8(72) 4img 4blk 6facts 3500ms
144/400 sunwarrior-classic-protein-vanilla-1-65-lb-750-g     ฿1612.51 4.3(100) 2img 4blk 17facts 3500ms
144/400 live-conscious-collagen-peptides-unflavored-16-oz-45 ฿1472.98 4.7(396) 2img 4blk 9facts 3500ms
146/400 lifeable-kids-multivitamin-gummies-fruit-60-gummies  ฿418.06 4.9(470) 2img 4blk 22facts 3500ms
147/400 solaray-vitamin-d3-k2-120-vegcaps                    ฿826.82 4.9(93064) 2img 4blk 8facts 3500ms
147/400 now-foods-l-arginine-1-000-mg-120-tablets            ฿727.32 4.7(27762) 4img 4blk 5facts 3500ms
150/400 solaray-high-absorption-magnesium-glycinate-240-vegc ฿997.32 4.8(61907) 4img 4blk 8facts 3500ms
150/400 now-foods-omega-3-fish-oil-100-softgels              ฿297.92 4.8(176755) 4img 4blk 11facts 3500ms
150/400 lovebug-probiotics-advanced-strength-daily-probiotic ฿956.74 4.7(362) 3img 4blk 7facts 3500ms
153/400 quantum-health-sleep-immune-melatonin-30-capsules    ฿1120.14 4.6(5) 2img 4blk 9facts 3500ms
153/400 airborne-immune-support-very-berry-64-chewable-table ฿645.05 4.7(428) 3img 4blk 18facts 3500ms
153/400 naturewise-organic-turmeric-curcumin-90-vegan-capsul ฿669.33 4.8(18469) 4img 4blk 10facts 3500ms
156/400 nutrachamps-kids-multivitamin-gummies-strawberry-pas ฿600.75 4.8(198) 2img 4blk 26facts 3500ms
156/400 garden-of-life-grass-fed-collagen-peptides-unflavore ฿1400.64 4.8(8011) 2img 4blk 10facts 3500ms
156/400 animal-whey-protein-powder-cookies-cream-4-lb-1-81-k ฿3206.40 4.7(191) 4img 4blk 23facts 3500ms
159/400 thorne-vitamin-d-k2-1-fl-oz-30-ml                    ฿1162.03 4.9(32336) 2img 4blk 7facts 3500ms
159/400 now-foods-biotin-5-000-mcg-120-veg-capsules          ฿353.69 4.8(72855) 4img 4blk 5facts 3500ms
159/400 metabolic-maintenance-magnesium-glycinate-180-vegeta ฿1115.55 4.9(5122) 3img 4blk 7facts 3500ms
162/400 spectrum-essentials-fish-oil-omega-3-250-softgels-50 ฿1509.62 4.8(341) 2img 4blk 14facts 3500ms
162/400 the-vitamin-shoppe-ultimate-10-probiotics-100-billio ฿1487.61 4.3(22) 2img 4blk 6facts 3500ms
162/400 smartypants-kids-sleep-melatonin-gummies-strawberry- ฿850.44 5(5) 4img 4blk 14facts 3500ms
165/400 vitaworks-kids-immune-support-mixed-berry-120-chewab ฿524.31 4.8(55) 2img 4blk 11facts 3500ms
165/400 rise-bar-whey-protein-powder-vanilla-2-3-lb-1-kg     ฿2063.46 4.7(51) 2img 0blk 20facts 3500ms
165/400 swanson-vitamins-full-spectrum-turmeric-720-mg-100-v ฿211.95 4.8(10774) 3img 4blk 6facts 3500ms
168/400 california-gold-nutrition-collagenup-hydrolyzed-mari ฿2639.51 4.7(325359) 4img 3blk 11facts 3500ms
168/400 now-foods-taurine-1-000-mg-100-veg-capsules          ฿343.85 4.8(26974) 4img 4blk 5facts 3500ms
168/400 nordic-naturals-zero-sugar-kids-multi-gummies-ages-4 ฿1227.46 4.7(655) 4img 4blk 30facts 3500ms
171/400 mrm-nutrition-vegan-vitamin-d3-k2-60-vegan-capsules  ฿389.13 4.8(17465) 4img 3blk 7facts 3500ms
171/400 natural-factors-magnesium-glycinate-200-mg-120-veget ฿426.53 4.8(3888) 3img 4blk 5facts 3500ms
171/400 21st-century-alaska-wild-fish-oil-mega-omega-3-90-en ฿559.74 4.8(885) 4img 4blk 14facts 3500ms
173/400 the-vitamin-shoppe-ultimate-10-probiotics-13-billion ฿848.47 4.7(101) 2img 0blk 6facts 3500ms
174/400 nature-s-truth-sleep-melatonin-plus-l-theanine-72-ta ฿501.34 4.8(82) 2img 4blk 7facts 3500ms
174/400 airborne-immune-support-supplement-zesty-orange-10-e ฿347.13 4.7(1448) 3img 4blk 16facts 3500ms
177/400 dymatize-elite-100-whey-protein-powder-gourmet-vanil ฿2129.70 4.7(109) 2img 4blk 20facts 3500ms
177/400 now-foods-turmeric-curcumin-with-bioperine-90-veg-ca ฿918.03 4.8(940) 4img 4blk 6facts 3500ms
177/400 neocell-grassfed-collagen-peptides-unflavored-7-oz-2 ฿668.43 4.5(16905) 2img 4blk 9facts 3500ms
179/400 21st-century-zoo-friends-multi-gummies-fruit-60-gumm ฿236.23 4.8(2649) 4img 4blk 22facts 3500ms
180/400 now-foods-vitamin-d3-2-000-iu-120-softgels           ฿176.52 4.9(193198) 4img 4blk 4facts 3500ms
180/400 lifeable-kids-vitamin-d3-k2-gummies-strawberry-60-gu ฿595.23 4.9(502) 2img 4blk 11facts 3500ms
181/400 micro-ingredients-magnesium-glycinate-240-capsules-1 ฿982.99 4.8(1022) 2img 4blk 5facts 3500ms
183/400 the-vitamin-shoppe-ultimate-10-probiotics-20-billion ฿743.48 4.7(241) 2img 4blk 6facts 3500ms
183/400 nubest-omega-3-gummies-ala-from-flaxseed-oil-age-2-o ฿1024.29 4.5(51) 2img 4blk 15facts 3500ms
184/400 pink-sleep-melatonin-gummies-natural-mixed-berry-70- ฿387.82 4.6(155) 2img 4blk 11facts 3500ms
186/400 airborne-immune-support-supplement-very-berry-10-eff ฿347.13 4.8(707) 3img 4blk 16facts 3500ms
186/400 california-gold-nutrition-curcumin-95-30-veggie-caps ฿? 4.8(3992) 4img 3blk 6facts 3500ms
187/400 levels-grass-fed-whey-protein-powder-pure-chocolate- ฿2551.12 4.7(88) 2img 4blk 20facts 3500ms
190/400 maryruth-s-organic-kids-multivitamin-postbiotics-gum ฿691.46 4.8(268) 2img 4blk 23facts 3500ms
190/400 codeage-multi-collagen-peptides-powder-unflavored-20 ฿1366.75 4.8(6582) 4img 4blk 9facts 3500ms
190/400 now-foods-vitamin-d-3-high-potency-2-000-iu-240-soft ฿334.01 4.9(193198) 4img 4blk 5facts 3500ms
191/400 lifeable-vitamin-d3-k2-gummies-natural-strawberry-60 ฿561.05 4.8(274) 2img 4blk 12facts 3500ms
193/400 bioschwartz-maximum-absorption-magnesium-glycinate-1 ฿530.87 4.7(403) 4img 4blk 7facts 3500ms
194/400 nature-s-way-fish-oil-omega-3-zesty-lemon-16-9-fl-oz ฿1938.19 4.8(710) 4img 4blk 16facts 3500ms
194/400 the-vitamin-shoppe-ultimate-10-probiotics-50-billion ฿1376.06 4.8(92) 2img 4blk 6facts 3500ms
195/400 zahler-junior-melatonin-natural-grape-60-chewable-ta ฿329.41 4.7(1854) 2img 4blk 6facts 3500ms
197/400 lifeable-kids-immune-support-gummies-berry-60-gummie ฿398.32 4.9(260) 2img 4blk 13facts 3500ms
197/400 himalaya-turmeric-95-with-curcumin-30-vegetarian-cap ฿616.31 4.7(1162) 3img 4blk 7facts 3500ms
198/400 nubest-nubest-tall-growth-protein-powder-for-kids-te ฿1107.82 4.4(193) 3img 4blk 39facts 3500ms
200/400 further-food-grass-fed-collagen-peptides-unflavored- ฿1913.93 4.7(730) 2img 4blk 20facts 3500ms
200/400 lifeable-kids-vitamin-c-gummies-sugar-free-citrus-60 ฿472.47 4.8(168) 2img 4blk 11facts 3500ms
201/400 now-foods-magnesium-citrate-120-veg-capsules-133-mg- ฿458.69 4.8(69910) 4img 4blk 5facts 3500ms
203/400 carlson-magnesium-glycinate-200-mg-90-tablets        ฿511.84 4.8(6267) 2img 4blk 8facts 3500ms
203/400 swanson-vitamins-vitamins-d3-k2-60-veggie-caps       ฿341.23 4.8(3785) 4img 4blk 6facts 3500ms
204/400 barlean-s-fresh-catch-fish-oil-omega-3-epa-dha-orang ฿? 4.7(312) 2img 4blk 13facts 3500ms
206/400 the-vitamin-shoppe-ultimate-10-probiotics-30-billion ฿950.84 4.7(348) 2img 4blk 6facts 3500ms
206/400 sports-research-sleep-complex-melatonin-free-60-vegg ฿1188.38 4.4(55) 2img 4blk 10facts 3500ms
207/400 solgar-ester-c-plus-vitamin-c-50-capsules            ฿579.96 4.9(390) 2img 4blk 7facts 3500ms
209/400 lifeable-turmeric-curcumin-gummies-peach-60-gummies  ฿595.23 4.7(75) 2img 4blk 13facts 3500ms
210/400 dr-murray-s-super-foods-3-seed-protein-powder-pumpki ฿1057.64 4.5(6319) 2img 4blk 19facts 3500ms
210/400 21st-century-kalos-splendor-collagen-peptides-unflav ฿626.54 4.8(44) 4img 4blk 9facts 3500ms
211/400 the-smurfs-kids-gummy-restful-sleep-ages-3-smurf-ber ฿368.79 4.8(5298) 2img 4blk 11facts 3500ms
213/400 now-foods-liposomal-vitamin-c-120-veg-capsules-500-m ฿688.36 4.8(6879) 4img 4blk 5facts 3500ms
213/400 micro-ingredients-vitamin-d3-k2-300-softgels         ฿1147.04 4.9(1699) 2img 4blk 7facts 3500ms
214/400 21st-century-chelated-magnesium-glycinate-90-capsule ฿360.91 4.8(1433) 4img 4blk 5facts 3500ms
216/400 barlean-s-fresh-catch-fish-oil-omega-3-epa-dha-orang ฿561.71 4.7(503) 2img 4blk 15facts 3500ms
216/400 jym-supplement-science-probio-performance-probiotic- ฿1017.12 4.9(11) 2img 0blk 16facts 3500ms
217/400 maryruth-s-kids-sleep-gummies-melatonin-free-strawbe ฿393.72 no rating 2img 4blk 13facts 3500ms
219/400 airborne-immune-support-supplement-very-berry-3-tube ฿897.03 4.8(708) 3img 4blk 16facts 3500ms
220/400 california-gold-nutrition-superfoods-organic-turmeri ฿335.48 4.7(9356) 4img 4blk 20facts 3500ms
220/400 levels-grass-fed-whey-protein-powder-pure-chocolate- ฿5909.37 4.7(88) 2img 4blk 20facts 3500ms
223/400 california-gold-nutrition-hydrolyzed-collagen-peptid ฿687.65 4.7(17687) 4img 3blk 9facts 3500ms
223/400 now-foods-melatonin-3-mg-60-veg-capsules             ฿160.11 4.7(60690) 4img 0blk 5facts 3500ms
223/400 catalo-kids-growth-multi-vitamins-plant-based-gummie ฿853.06 4.9(56) 3img 4blk 21facts 3500ms
226/400 solaray-vitamin-d3-k2-60-vegcaps                     ฿475.75 4.9(93064) 4img 4blk 8facts 3500ms
226/400 barlean-s-fresh-catch-fish-oil-omega-3-epa-dha-orang ฿1316.03 4.7(503) 2img 4blk 15facts 3500ms
226/400 now-foods-magnesium-glycinate-with-bioperine-180-veg ฿728.69 4.8(6397) 4img 4blk 7facts 3500ms
229/400 nature-s-truth-sleep-melatonin-plus-ashwagandha-60-q ฿452.12 4.6(100) 2img 4blk 7facts 3500ms
229/400 solgar-ester-c-plus-vitamin-c-100-capsules           ฿1119.34 4.9(390) 2img 4blk 7facts 3500ms
229/400 california-gold-nutrition-lactobif-100-probiotics-10 ฿1161.00 4.7(27589) 4img 3blk 6facts 3500ms
231/400 levels-grass-fed-whey-protein-powder-cappuccino-2-lb ฿2551.12 4.7(93) 2img 0blk 20facts 3500ms
231/400 evlution-nutrition-turmeric-1500-turmeric-curcumin-w ฿432.44 4.7(2160) 4img 4blk 8facts 3500ms
232/400 vital-proteins-collagen-peptides-360-capsules-550-mg ฿1658.14 4.7(3677) 4img 4blk 9facts 3500ms
233/400 garden-of-life-kids-multivitamin-powder-2-11-oz-60-g ฿578.12 4.5(673) 2img 4blk 25facts 3500ms
234/400 doctor-s-best-pepzin-gi-zinc-l-carnosine-120-veggie- ฿805.16 4.8(25006) 4img 4blk 8facts 3500ms
235/400 michael-s-health-d3-with-vitamin-k2-apricot-90-veget ฿735.60 4.9(11418) 2img 4blk 6facts 3500ms
236/400 nature-s-truth-magnesium-glycinate-chelated-60-quick ฿431.13 4.7(1219) 2img 4blk 5facts 3500ms
238/400 now-foods-ultra-omega-3-fish-oil-180-fish-softgels   ฿1428.64 4.8(7360) 4img 4blk 13facts 3500ms
239/400 california-gold-nutrition-lactobif-5-probiotics-5-bi ฿333.02 4.7(112863) 4img 4blk 15facts 3500ms
239/400 zahler-melatonin-chewables-orange-5-mg-60-chewable-t ฿376.66 4.7(1769) 2img 4blk 6facts 3500ms
241/400 viva-naturals-vitamin-c-1-000-mg-250-veggie-capsules ฿1024.80 4.8(415) 3img 4blk 5facts 3500ms
242/400 best-naturals-turmeric-curcumin-with-bioperine-180-v ฿574.18 4.8(489) 2img 4blk 8facts 3500ms
242/400 rise-bar-whey-protein-powder-chocolate-almond-2-4-lb ฿2111.03 4.8(30) 2img 4blk 20facts 3500ms
245/400 naturesplus-collagen-peptides-berry-lemonade-0-8-lbs ฿983.81 4.7(2159) 4img 4blk 12facts 3500ms
245/400 zahler-chapter-one-multi-gummies-flavored-60-gummies ฿? 4.7(83) 2img 4blk 23facts 3500ms
245/400 doctor-s-best-high-absorption-coq10-100-mg-120-softg ฿727.73 4.8(57509) 4img 4blk 7facts 3500ms
248/400 nordic-naturals-vitamin-d3-k2-gummies-pomegranate-60 ฿871.94 4.9(3989) 2img 4blk 12facts 3500ms
248/400 source-naturals-magnesium-glycinate-60-tablets       ฿326.13 4.8(1723) 2img 4blk 11facts 3500ms
248/400 sports-research-alaskan-omega-3-fish-oil-triple-stre ฿2351.11 4.8(50457) 2img 4blk 11facts 3500ms
251/400 california-gold-nutrition-lactobif-5-probiotics-5-bi ฿619.43 4.7(112866) 4img 3blk 6facts 3500ms
251/400 vitafusion-power-c-high-potency-vitamin-c-gummies-na ฿530.19 4.7(1764) 2img 0blk 12facts 3500ms
251/400 terry-naturally-melatonin-ep120-10-mg-60-tablets     ฿472.47 4.5(58) 3img 4blk 6facts 3500ms
252/400 nature-s-truth-turmeric-curcumin-plus-ginger-astraga ฿632.58 4.7(363) 2img 4blk 9facts 3500ms
253/400 rise-bar-whey-protein-powder-mint-chocolate-2-4-lb-1 ฿2120.90 4.5(21) 2img 4blk 20facts 3500ms
254/400 zint-pure-grass-fed-collagen-peptides-unflavored-2-o ฿261.17 4.7(20744) 2img 4blk 9facts 3500ms
256/400 nature-s-craft-men-s-multivitamin-gummies-lemon-pine ฿755.89 4.7(71) 4img 4blk 29facts 3500ms
257/400 vitamatic-vitamin-d3-gummies-sugar-free-natural-peac ฿426.53 4.9(641) 2img 4blk 10facts 3500ms
257/400 doctor-s-best-msm-with-optimsm-1-500-mg-120-tablets  ฿439.51 4.6(31343) 4img 4blk 6facts 3500ms
260/400 protocol-for-life-balance-magnesium-glycinate-high-a ฿933.11 4.8(494) 2img 4blk 7facts 3500ms
260/400 21st-century-fish-oil-1-200-mg-90-softgels           ฿295.29 4.7(11271) 4img 4blk 10facts 3500ms
260/400 nature-s-way-primadophilus-bifidus-probiotic-5-billi ฿705.42 4.8(1848) 4img 4blk 6facts 3500ms
261/400 natural-vitality-calm-sleep-melatonin-magnesium-chew ฿819.67 no rating 2img 4blk 11facts 3500ms
263/400 doctor-s-best-vitamin-c-500-mg-120-veggie-caps       ฿496.09 4.7(4242) 4img 4blk 5facts 3500ms
263/400 doctor-s-best-high-absorption-curcumin-120-tablets   ฿2382.68 4.8(4120) 4img 4blk 7facts 3500ms
264/400 podium-nutrition-whey-protein-powder-maple-butter-pa ฿2004.59 5(1) 2img 0blk 17facts 3500ms
266/400 culturelle-kids-multivitamin-probiotic-chewables-3-y ฿1009.24 4.8(906) 3img 4blk 21facts 3500ms
266/400 vitamatic-colostrum-collagen-powder-unflavored-16-oz ฿1561.14 4.9(16) 4img 4blk 7facts 3500ms
267/400 doctor-s-best-lutein-lutemax-2020-20-mg-180-softgels ฿1145.73 4.7(35694) 4img 4blk 7facts 3500ms
270/400 vitamatic-vitamin-d3-1-250-mcg-50-000-iu-60-vegetabl ฿328.10 4.7(4014) 4img 4blk 5facts 3500ms
270/400 smnutrition-chelated-zinc-glycinate-120-capsules     ฿579.43 4.8(64) 4img 4blk 8facts 3500ms
270/400 california-gold-nutrition-omega-3-fish-oil-120-fish- ฿1349.66 4.8(9075) 4img 3blk 11facts 3500ms
273/400 absolute-nutrition-liposomal-vitamin-c-60-capsules   ฿869.47 4.6(65) 2img 4blk 6facts 3500ms
273/400 nature-s-way-pearls-women-s-probiotic-1-billion-cfu- ฿578.77 4.6(7822) 4img 4blk 5facts 3500ms
273/400 natural-vitality-calm-kids-sleep-gummies-with-melato ฿516.43 4.8(808) 3img 4blk 11facts 3500ms
275/400 21st-century-turmeric-plus-black-pepper-extract-60-v ฿360.91 4.7(413) 4img 4blk 6facts 3500ms
276/400 live-conscious-beyond-collagen-with-biotin-vitamin-c ฿? 4.6(70) 2img 4blk 13facts 3500ms
276/400 designer-wellness-designer-whey-natural-100-whey-pro ฿890.96 4.6(64) 2img 4blk 45facts 3500ms
278/400 maryruth-s-women-s-multivitamin-gummies-strawberry-6 ฿654.89 4.7(396) 3img 4blk 23facts 3500ms
279/400 doctor-s-best-glucosamine-chondroitin-msm-360-veggie ฿1766.80 4.8(94201) 4img 4blk 11facts 3500ms
279/400 naturesplus-vitamin-d3-k2-90-capsules                ฿749.38 4.8(1640) 4img 4blk 6facts 3500ms
280/400 vitamatic-magnesium-aspartate-with-b6-90-vegetarian- ฿360.26 4.8(30) 2img 4blk 8facts 3500ms
282/400 now-foods-ultra-omega-3-fish-oil-90-softgels         ฿642.42 4.8(135787) 4img 4blk 13facts 3500ms
282/400 nature-s-way-primadophilus-reuteri-probiotic-1-billi ฿1095.20 4.6(1245) 4img 4blk 9facts 3500ms
283/400 swanson-vitamins-melatonin-extra-low-dose-500-mcg-60 ฿90.56 4.7(1256) 3img 4blk 5facts 3500ms
285/400 codeage-liposomal-vitamin-c-360-capsules             ฿1960.98 4.9(42) 2img 0blk 13facts 3500ms
286/400 eclectic-herb-turmeric-pepper-supports-joint-musculo ฿961.99 4.8(218) 2img 4blk 6facts 3500ms
286/400 podium-nutrition-whey-protein-powder-peanut-butter-c ฿2005.17 no rating 2img 0blk 18facts 3500ms
287/400 zhou-nutrition-collagen-peptides-18-oz-510-g         ฿1003.06 4.7(1260) 2img 4blk 9facts 3500ms
289/400 maryruth-s-men-s-multivitamin-gummies-papaya-orange- ฿576.15 4.8(65) 3img 4blk 23facts 3500ms
289/400 doctor-s-best-natural-vitamin-k2-mk-7-100-mcg-60-veg ฿485.59 4.8(19818) 4img 4blk 5facts 3500ms
290/400 now-foods-vitamin-d-3-high-potency-10-000-iu-120-sof ฿334.01 4.9(108658) 4img 4blk 4facts 3500ms
292/400 nutri-magnesium-glycinate-high-absorption-3-600-mg-1 ฿796.63 4.7(282) 2img 4blk 7facts 3500ms
292/400 sports-research-alaskan-omega-3-fish-oil-mini-gels-1 ฿1065.02 4.9(1537) 2img 4blk 11facts 3500ms
295/400 zahler-junior-c-advanced-chewable-vitamin-c-natural- ฿? 4.8(226) 2img 4blk 6facts 3500ms
295/400 sports-research-sleep-complex-with-melatonin-60-vegg ฿1147.04 4.2(8) 2img 4blk 11facts 3500ms
295/400 kyolic-kyo-dophilus-multi-9-probiotic-6-billion-cfu- ฿936.66 4.7(1192) 3img 4blk 6facts 3500ms
298/400 legion-athletics-whey-concentrate-whey-protein-powde ฿1838.99 4.7(7) 2img 4blk 20facts 3500ms
298/400 earthtone-foods-grass-fed-collagen-peptides-16-oz-45 ฿964.80 4.7(7381) 2img 4blk 9facts 3500ms
298/400 natural-factors-curcuminrich-theracurmin-120-vegetar ฿1194.29 4.8(17140) 4img 4blk 5facts 3500ms
301/400 source-naturals-vitamin-k2-d3-60-tablets             ฿524.96 4.8(1262) 2img 4blk 6facts 3500ms
301/400 vitamatic-kids-magnesium-calm-gummies-natural-raspbe ฿493.52 4.8(1540) 2img 4blk 11facts 3500ms
301/400 doctor-s-best-vitamin-d3-125-mcg-5-000-iu-360-softge ฿398.32 4.9(79452) 4img 4blk 5facts 3500ms
303/400 country-life-chelated-magnesium-glycinate-180-tablet ฿1057.82 4.8(10360) 2img 4blk 6facts 3500ms
304/400 kyolic-kyo-dophilus-max-probiotic-50-billion-cfu-30- ฿1553.89 4.6(128) 3img 4blk 6facts 3500ms
304/400 bluebonnet-nutrition-omega-3-fish-oil-lemon-120-soft ฿1716.12 4.7(206) 3img 4blk 10facts 3500ms
307/400 naturelo-vegan-zinc-with-vitamin-c-120-vegetarian-ca ฿864.22 4.7(180) 2img 0blk 13facts 3500ms
307/400 micro-ingredients-pure-turmeric-curcumin-95-120-vege ฿885.87 4.8(99) 2img 4blk 11facts 3500ms
307/400 naturesplus-dreaminol-stress-sleep-complex-with-mela ฿482.31 4.6(39) 4img 4blk 19facts 3500ms
308/400 legion-athletics-whey-concentrate-whey-protein-powde ฿1894.88 4.9(15) 2img 0blk 19facts 3500ms
310/400 vitaworks-kids-multivitamin-with-iron-mixed-fruit-12 ฿573.52 4.7(100) 2img 4blk 29facts 3500ms
311/400 super-nutrition-collagen-peptides-vanilla-10-4-oz-29 ฿? 4.6(727) 4img 3blk 10facts 3500ms
311/400 doctor-s-best-glucosamine-chondroitin-msm-with-optim ฿1207.81 4.8(94200) 4img 4blk 11facts 3500ms
312/400 carlson-vitamins-d3-k2-30-vegetarian-capsules        ฿253.29 4.9(2323) 2img 4blk 7facts 3500ms
314/400 metagenics-magnesium-glycinate-100-mg-240-tablets    ฿2010.00 4.8(629) 4img 4blk 5facts 3500ms
315/400 catalo-omega-3-fish-oil-180-softgels-1-000-mg-per-se ฿2070.95 4.7(9) 3img 4blk 15facts 3500ms
315/400 nature-s-way-pearls-complete-probiotic-1-billion-cfu ฿1446.93 4.7(327) 4img 0blk 5facts 3500ms
317/400 source-naturals-sleep-science-melatonin-10-mg-60-tab ฿357.63 4.6(68) 2img 4blk 6facts 3500ms
318/400 nutribiotic-immunity-vitamin-c-d3-zinc-250-capsules  ฿788.84 4.9(18052) 2img 4blk 8facts 3500ms
318/400 megafood-turmeric-curcumin-90-tablets                ฿1378.56 4.7(71) 2img 4blk 10facts 3500ms
319/400 levels-grass-fed-whey-protein-powder-vanilla-cinnamo ฿5909.37 4.7(69) 2img 0blk 40facts 3500ms
321/400 childlife-essentials-multi-vitamin-gummy-sugar-free- ฿928.62 4.8(168) 4img 4blk 29facts 3500ms
321/400 codeage-multi-collagen-peptides-powder-unflavored-10 ฿1220.81 4.8(6582) 4img 4blk 14facts 3500ms
322/400 doctor-s-best-fully-active-b12-1-500-mcg-180-veggie- ฿519.71 4.7(28887) 4img 4blk 5facts 3500ms
324/400 lifeable-kids-vitamin-d3-gummies-sugar-free-strawber ฿478.35 4.8(185) 2img 4blk 9facts 3500ms
325/400 vitamatic-magnesium-malate-with-b6-90-vegetarian-tab ฿492.15 4.8(809) 2img 4blk 8facts 3500ms
325/400 now-foods-omega-3-fish-oil-1-000-mg-500-softgels     ฿1265.27 4.8(76942) 4img 4blk 11facts 3500ms
328/400 renew-life-women-s-care-ultimate-flora-probiotic-25- ฿868.81 4.7(1386) 3img 4blk 21facts 3500ms
328/400 mommy-s-bliss-kids-sleep-gummies-with-melatonin-ages ฿799.09 4.8(3664) 2img 4blk 10facts 3500ms
328/400 flora-acerola-natural-vitamin-c-120-vegetarian-capsu ฿1233.67 4.8(39) 2img 4blk 6facts 3500ms
330/400 levels-grass-fed-whey-protein-powder-vanilla-cinnamo ฿2551.12 4.7(69) 2img 0blk 40facts 3500ms
331/400 nature-s-craft-turmeric-curcumin-with-bioperine-180- ฿673.92 4.8(204) 2img 4blk 8facts 3500ms
331/400 vitauthority-marine-collagen-unflavored-6-35-oz-180- ฿1069.09 4.9(13) 2img 4blk 9facts 3500ms
334/400 maryruth-s-organic-women-s-multivitamin-gummies-cher ฿823.73 4.6(144) 4img 4blk 22facts 3500ms
334/400 force-factor-vitamin-d3-high-potency-125-mcg-5-000-i ฿192.27 4.8(3587) 4img 4blk 5facts 3500ms
334/400 doctor-s-best-alpha-lipoic-acid-600-600-mg-60-veggie ฿572.21 4.8(41435) 4img 4blk 6facts 3500ms
337/400 vitamatic-magnesium-gluconate-1-000-mg-180-tablets   ฿? 4.8(25) 4img 4blk 5facts 3500ms
337/400 nature-s-way-pearls-complete-probiotic-1-billion-cfu ฿578.77 4.4(170) 4img 4blk 5facts 3500ms
337/400 evlution-nutrition-omega-3-fish-oil-1-000-mg-120-sof ฿727.98 4.8(3216) 4img 4blk 10facts 3500ms
340/400 megafood-turmeric-curcumin-60-tablets                ฿? 4.7(1183) 2img 4blk 10facts 3500ms
340/400 nature-s-way-vitamin-c-with-rose-hips-100-capsules   ฿311.04 4.7(2206) 4img 4blk 7facts 3500ms
340/400 natrol-kids-sleep-calm-gummies-age-4-strawberry-60-g ฿668.67 4.8(1015) 4img 4blk 13facts 3500ms
341/400 levels-grass-fed-whey-protein-powder-chocolate-peanu ฿5906.30 4.8(67) 2img 4blk 20facts 3500ms
343/400 sunwarrior-plant-based-beauty-greens-collagen-booste ฿1337.45 4.5(260) 2img 4blk 20facts 3500ms
343/400 havasu-nutrition-multivitamin-gummies-orange-strawbe ฿596.49 4.9(61) 2img 4blk 21facts 3500ms
345/400 typezero-clean-magnesium-glycinate-180-capsules-70-m ฿564.99 4.5(313) 2img 4blk 6facts 3500ms
346/400 doctor-s-best-high-absorption-coq10-with-bioperine-1 ฿710.01 4.7(41368) 2img 4blk 7facts 3500ms
346/400 natural-factors-vitamin-d3-k2-25-mcg-1-000-iu-120-mc ฿639.80 4.8(3390) 4img 4blk 5facts 3500ms
349/400 new-chapter-plant-melatonin-tart-cherry-ashwagandha- ฿709.25 no rating 3img 4blk 6facts 3500ms
349/400 the-vitamin-shoppe-omega-3-fish-oil-240-softgels     ฿2332.91 4.8(128) 2img 4blk 9facts 3500ms
349/400 california-gold-nutrition-cranmax-lactobif-probiotic ฿1226.28 4.7(12389) 4img 3blk 7facts 3500ms
352/400 levels-grass-fed-whey-protein-powder-chocolate-peanu ฿2551.12 4.8(67) 2img 4blk 40facts 3500ms
352/400 nature-s-way-vitamin-c-with-bioflavonoids-250-capsul ฿838.12 4.8(1078) 4img 4blk 7facts 3500ms
352/400 california-gold-nutrition-curcuminup-with-omega-3-cu ฿? 4.8(11803) 4img 3blk 15facts 3500ms
355/400 lifeable-men-s-multivitamin-gummies-berry-60-gummies ฿536.17 4.8(65) 2img 4blk 23facts 3500ms
355/400 california-gold-nutrition-hydrolyzed-marine-collagen ฿456.27 4.7(3501) 4img 3blk 16facts 3500ms
355/400 doctor-s-best-vitamin-d3-125-mcg-5-000-iu-180-softge ฿238.86 4.9(79450) 4img 4blk 5facts 3500ms
357/400 revive-magnesium-glycinate-120-vegetarian-capsules-1 ฿557.77 4.8(372) 2img 4blk 6facts 3500ms
358/400 now-foods-omega-3-fish-oil-1-000-mg-200-fish-softgel ฿648.10 4.8(76942) 4img 4blk 14facts 3500ms
358/400 youtheory-k2d3-essential-daily-vitamins-60-vegetaria ฿412.75 4.8(633) 2img 4blk 6facts 3500ms
360/400 culturelle-probiotics-ultimate-strength-probiotic-20 ฿1421.34 4.7(560) 2img 4blk 10facts 3500ms
361/400 swanson-vitamins-vitamin-c-250-tablets               ฿1087.29 4.6(131) 3img 4blk 7facts 3500ms
361/400 phytoral-kids-melatonin-gummies-strawberry-60-gummie ฿? 4.5(51) 2img 4blk 11facts 3500ms
364/400 life-extension-curcumin-elite-turmeric-extract-60-ve ฿915.10 4.8(7228) 2img 4blk 5facts 3500ms
364/400 orgain-collagen-peptides-unflavored-1-lb-454-g       ฿1290.23 4.8(374) 2img 4blk 9facts 3500ms
364/400 premier-protein-100-whey-protein-powder-chocolate-mi ฿1919.20 4.7(106) 2img 4blk 20facts 3500ms
367/400 lifeable-prenatal-multivitamin-gummies-raspberry-60- ฿536.17 4.2(79) 2img 4blk 22facts 3500ms
367/400 doctor-s-best-fully-active-folate-400-400-mcg-90-veg ฿340.57 4.9(10358) 4img 4blk 7facts 3500ms
367/400 seeking-health-vitamin-d3-k2-60-capsules             ฿716.57 4.9(2011) 4img 4blk 7facts 3500ms
370/400 renew-life-extra-care-go-pack-ultimate-flora-probiot ฿1505.33 4.6(171) 2img 0blk 9facts 3500ms
370/400 nature-s-craft-magnesium-glycinate-120-capsules-100- ฿604.36 4.7(930) 4img 4blk 5facts 3500ms
370/400 now-foods-omega-3-fish-oil-gummy-chews-passion-fruit ฿458.69 4.9(959) 4img 4blk 13facts 3500ms
371/400 universal-u-de-stress-sleep-30-pill-packs            ฿? 4.5(13) 3img 4blk 14facts 3500ms
373/400 nutramedix-vitamin-c-1-000-mg-120-vegetable-capsules ฿? 4.7(15) 2img 4blk 5facts 3500ms
373/400 swanson-vitamins-full-spectrum-turmeric-720-mg-30-ve ฿81.68 4.8(10774) 3img 4blk 6facts 3500ms
375/400 premier-protein-100-whey-protein-powder-vanilla-milk ฿1919.20 4.5(127) 2img 4blk 20facts 3500ms
376/400 micro-ingredients-multi-collagen-peptides-complex-wi ฿818.94 4.8(714) 2img 4blk 11facts 3500ms
376/400 nordic-naturals-nordic-berries-multivitamin-gummies- ฿1442.64 4.8(896) 4img 4blk 27facts 3500ms
379/400 doctor-s-best-ubiquinol-100-mg-60-softgels           ฿1333.41 4.7(4521) 4img 4blk 6facts 3500ms
379/400 trace-ionic-d3-k2-2-fl-oz-59-ml                      ฿1067.17 4.8(2927) 2img 4blk 7facts 3500ms
379/400 forest-leaf-magnesium-glycinate-maximum-absorption-9 ฿721.82 4.7(248) 4img 4blk 5facts 3500ms
382/400 source-naturals-sleep-science-melatonin-time-release ฿229.67 4.5(161) 2img 4blk 6facts 3500ms
382/400 sports-research-women-s-probiotics-cranberry-65-bill ฿1065.02 4.7(393) 4img 4blk 8facts 3500ms
382/400 now-foods-omega-3-fish-oil-lemon-16-9-fl-oz-500-ml   ฿1363.74 4.8(4547) 4img 3blk 12facts 3500ms
384/400 ready-100-whey-protein-powder-chocolate-1-lb-476-g   ฿1099.30 4.5(31) 2img 0blk 20facts 3500ms
385/400 emergen-c-immune-vitamin-c-vitamin-d-zinc-raspberry- ฿874.15 4.7(229) 3img 4blk 26facts 3500ms
385/400 garden-of-life-organics-turmeric-inflammatory-respon ฿1563.00 4.8(3685) 4img 4blk 9facts 3500ms
388/400 great-lakes-wellness-grass-fed-bovine-collagen-pepti ฿1552.14 4.7(3804) 4img 4blk 9facts 3500ms
388/400 doctor-s-best-lutein-lutemax-2020-60-softgels        ฿464.59 4.7(35694) 4img 4blk 7facts 3500ms
388/400 nordic-naturals-nordic-berries-multivitamin-gummies- ฿967.59 4.8(1266) 4img 4blk 27facts 3500ms
389/400 forest-leaf-maximum-strength-vitamin-d3-1-250-mcg-50 ฿721.82 4.8(1260) 2img 4blk 5facts 3500ms
391/400 vitamatic-magnesium-aspartate-powder-8-8-oz-250-g    ฿580.36 4.5(10) 2img 4blk 5facts 3500ms
392/400 california-gold-nutrition-omega-3-fish-oil-30-fish-g ฿375.61 4.8(9079) 4img 3blk 11facts 3500ms
392/400 now-foods-saccharomyces-boulardii-probiotic-5-billio ฿504.62 4.8(15245) 4img 4blk 6facts 3500ms
393/400 source-naturals-sleep-science-melatonin-time-release ฿262.48 4.6(71) 2img 4blk 6facts 3500ms
395/400 swanson-vitamins-ultra-c-formula-250-capsules        ฿442.45 4.8(116) 3img 4blk 10facts 3500ms
395/400 nutricost-turmeric-120-capsules                      ฿756.60 4.8(391) 2img 4blk 8facts 3500ms
396/400 podium-nutrition-whey-protein-powder-coffee-ice-crea ฿2006.02 4.5(2) 2img 0blk 17facts 3500ms
399/400 doctor-s-finest-teen-multivitamin-gummies-raspberry- ฿492.15 4.8(316) 2img 4blk 22facts 3500ms
399/400 force-factor-marine-collagen-powder-unflavored-5-93- ฿? 4.7(632) 4img 4blk 9facts 3500ms
399/400 doctor-s-best-vitamin-d3-50-mcg-2-000-iu-180-softgel ฿229.67 4.9(18689) 4img 4blk 5facts 3500ms
400/400 sports-research-d3-k2-plant-based-62-5-mcg-100-mcg-6 ฿942.31 4.8(1741) 4img 4blk 7facts 3500ms

400 harvested, 0 failed. Cached: 430 products.
